//tagfmt -f "json=snake(:tag)|yaml=lower_camel(:tag)|bson=lower_camel(:tag)|toml=upper_camel(:tag)"

package main

// tagfill: toml yaml
type OrderConfig struct {
	Name     string `toml:"" yaml:""`
	UserName string `toml:"" yaml:""`
	Pay      int    `toml:"" yaml:""`
}

// tagfill: json bson
type OrderDetail struct {
	ID       string `bson:"" json:""`
	UserName string `bson:"" json:""`
	Pay      int    `bson:"" json:""`
}
